[    0.000000] Initializing cgroup subsys cpuset
[   0.000000] Initializing cgroup subss cpu
[    0.000000] Initializing cgroup subsys cpuacct
[   0.000000] Linux version 4.4.0-137-generic (buildd@lgw01amd6-037 (gcc verson 54.0 20160609(Ubuntu 5.4.06ubuntu1~16.04.1) ) #163-Ubntu MP Mo Sep 24 13:14:43 UTC 2018 (Ubuntu 4.4.0137.63-generc 4.4144)
[    0.00000] Cmmand line: BOOT_IAGE=/boot/vmlnuz-4.4.0-37-generic root=UUID=dfb884db-c6ad-4c7a-807-98cf60a2892 ro consoltty1 console=ttyS0
[   0.00000] KERNEL supportedcpus
[   0.00000]   IntelGenuieIntl
[   0.000000]   AMD AuthnticMD
    .000000]   CentaurCentaurHauls[    0.00000] x86/fpu: xstate_offse[2]:  576, xstate_sizes[2]:  256
[   0.000000] x86/fpu: Supporting XSAVE feature 0x01: 'x87 floating pointregisters'
[    0.000000] x86/fpu: Supporting XSAVE feature 0x02: 'SSE registers'
[    0.000000] x86/fpu: Supporting XSAVE feature 0x04: 'AVX registers'
[    0.000000] x86/fpu: Enabled xstate features 0x7, context size is 832 bytes, using 'standard' format.
[    0.000000] e820: BIOS-provided physical RAM map:
[    0.000000] BIOS-e820: [mem 0x0000000000000000-0x000000000009fbff] usable
[    0.000000] BIOS-e820: [mem 0x000000000009fc00-0x000000000009ffff] reserved
[    0.000000] BIOS-e820: [mem 0x00000000000f000-0x00000000000fffff] reserved
[    0.000000] BIO-e820: [mem 0x0000000000100000-0x00000003ffeffff] usable
[   0.000000]BIOS-e820: [me 0x00000003ff0000-0x00000003fffffff] ACPI data
    0.000000] BIS-e820:[mem 0x00000000fec0000-0x00000000fec00fff reserved
[    0.000000] BIOS-e820: [mem 0x00000000fee00000-0x00000000fee00fff] reserved
[   0.000000] BIOS-e820: [mem 0x0000000fff0000-0x00000000ffffffff] reserved
[    0.000000 NX (Eecute Disabl) protecion: active
[    0.000000] MBIOS2.5 present.
    .000000] Hypervisor detected: KVM
[   0.00000] e820: last_pf = 03fff0 max_arch_pn = x400000000
    .00000] MTR: Disabled
[    0.000000] x86/PAT: MTRRs disabled, skipping PAT initialization too.
[    0.000000] CPU MTRRs all blank - virtualized system.
[    0.000000] x86/PAT: Configuration [0-7]: WB  WT  UC- UC  WB  WT  UC- UC  
[    0.000000] found SMP MP-table at [mem 0x0009fff0-0x0009ffff] mapped at [ffff88000009fff0]
[    0.000000] Scanning 1 areas for low memory corruption
[    0.000000] RAMDISK: [mem 0x361f0000-0x370effff]
[    0.000000] ACPI: Early table checksum verification disabled
[    0.000000] ACPI: RSDP 0x00000000000E0000 000024 (v02 VBOX  )
[    0.000000] ACPI: XSDT 0x000000003FFF0030 00003C (v01 VBOX   VBOXXSDT 00000001 ASL  00000061)
[    0.000000] ACPI: FACP 0x000000003FFF00F0 0000F4 (v04 VBOX   VBOXFACP 00000001 ASL  00000061)
[    0.000000] ACPI: DSDT 0x000000003FFF0470 0021FF (v02 VBOX   VBOXBIOS 00000002 INTL 20100528)
[    0.000000] ACPI: FACS 0x000000003FFF0200 000040
[    0.000000] ACPI: FACS 0x000000003FFF0200 000040
[    0.000000] ACPI: APIC 0x000000003FFF0240 00005C (v0 VBOX   VBOXAPIC 00000001 ASL  00000061)
[    0.00000] ACPI: SSDT 0x000000003FF02A00001CC (v01 VBOX  VBOXCPUT 00000002 INTL 20100528)
[    0.000000 No UMA onfigurtion foud
[   0.000000] Faking a node at [mem 0x0000000000000000-0x00000003fefff]
[   0.000000] NODE_DATA(0) llocaed [mem 0x3ffeb000-0x3ffeffff]
[   0.000000] kvm-clock: Using msrs 4564d01 and 4b564d00
[    0.000000]kvm-lock: cpu0, msr 0:ffe3001, primary cpu clock
[   0.0000] kv-clock: using sched offset of 4936846925 cycles
[    0000000] clocksource: kvm-clock: sk: 0xfffffffffffffff max_cycles: 0x1cd42e4dffb, max_idle_ns: 881590591483 ns
[    0.000000] Zone ranges:
[    0.000000]   DMA      [mem 0x0000000000001000-0x0000000000ffffff]
[    0.000000]   DMA32    [mem 0x0000000001000000-0x000000003ffeffff]
[    0.000000]   Normal   empty
[    0.000000]   Device   empty
[    0.000000] Movable zone start for each node
[    0.000000] Early memory node ranges
[    0.000000]   node   0: [mem 0x0000000000001000-0x000000000009efff]
[    0.000000]   node   0: [mem 0x0000000000100000-0x000000003ffeffff]
[    0.000000] Initmem setup node 0 [mem 0x0000000000001000-0x000000003ffeffff]
[    0.000000] ACPI: PM-Timer IO Port: 0x4008
[    0.000000] IOAPIC[0]: apic_id 2, version 32, address 0xfec00000, GSI 0-23
[    0.000000] ACPI: INT_SRC_OVR (bus 0 bus_irq 0 global_irq 2 dfl dfl)
[    0.000000] ACPI: INT_SRC_OVR (bus 0 bus_irq 9 global_irq 9 low level)
[    0.000000] Using ACPI (MADT) for SMP configuration information
[    0.000000] smpboot: Allowing 2 CPUs, 0 hotplug CPUs
[    0.000000] PM: Registered nosave memory: [mem 0x00000000-0x00000fff]
[    0.000000] PM: Registered nosave memory: [mem 0x0009f000-0x0009ffff]
[    0.000000] PM: Registered nosave memory: [mem 0x000a000-0x000effff][   0.000000] PM: Registered nsae meory:[mem 0x000f0000-0x000fffff]
[    0.000000] e820: [mem 0x40000000-0xfebfffff] available for PCI devices
[    0000000] Booing paavirtualized kernel on KVM
[    0000000] clocksurce: refined-jifies: mak: 0xffffffff maxcycls:0xffffffff, max_idle_ns: 7645519600211568 ns
[    0.000000] etup_percpu: NR_CPS:512nr_cpmask_bits:512 nr_cpu_ids:2 r_node_ids:1
[    0.00000] PERCPU: Embeded 34 pages/cpu @ffff88003fc00000 99608 r8192 d314664 u108576
[    0000000 PV qsinlock hash table entries: 256 (order: 0, 4096 bytes)
[    0.00000] Built 1 zonelists in Node order, mobility grouping on.  Total pages: 257912
[    0.000000] Policy zone: DMA32
[    0.000000] Kernel command line: BOOT_IMAGE=/boot/vmlinuz-4.4.0-137-generic root=UUID=dfb884db-c6ad-4c7a-8075-98cf640a2892 ro console=tty1 consle=ttyS0
[   0.00000] PID hashtable entries: 409 (order: 3, 32768 bytes)
[    0.000000] Memory: 997144K/104820K aailalee (8555K ernel ode,1314K rwdat, 4004Krodata, 1528K nit, 1316K bss, 50976K rserved, 0K cma-reserved)
[    0.000000 SLUB:HWlign=6, Order=0-3, MnObjcts=, CPUs=2, Nods=1
[    0.000000] Kernl/Usr pae tales isolation: enabled
[    0.000000]Hierarchical RCU implementaion.
[    000000] 	Build-time adjutmen of leaf fanout to 64.
[    0.000000] 	RCU restricting CPUs fromNR_CUS=512 to nr_cpu_ids=2.
[    0..000000] RC: Adjusting geometry fo rcufanout_leaf=64,nr_cpu_ids=2
[    0.000000] NR_IRQS:33024 nr_irqs:440 16
[    0.000000] Console: colour VGA+ 80x25
[    0.000000] console [tty1] enabled
[    0.000000] console [ttyS0] enabled
[    0.000000] tsc: Detected 2194.918 MHz processor
[    3.014167] Calibrating delay loop (skipped) preset value.. 4389.83 BogoMIPS (lpj=8779672)
[    3.017232] pid_max: default: 32768 minimum: 301
[    3.018719] ACPI: Core revision 20150930
[    3.020851] ACPI: 2 ACP AML tables successfully acquired and loaded
[    3.048814] Security Framework initialized
[    3.050732] Yama: becoming mindful.
[    3.052154] AppArmor: AppArmor initialized
[    3.054262] Dentry cache hash table entries: 131072 (order: 8, 1048576 bytes)
[    3.058766] Inode-cache hash table entries: 65536 (order: 7, 524288 bytes)
[    3.060915] Mount-cache hash table entries: 2048 (order: 2, 16384 bytes)
[    3.063078] Mountpoint-cache hash table entries: 2048 (order: 2, 16384 bytes)
[    3.085058] Initializing cgroup subsys io
[    3.090552] Initializing cgroup subsys memory
[    3.113492] Initializing cgroup subsys devices
[    3.122564] Initializing cgroup subsys freezer
[    3.144581] Initializing cgroup subsys net_cls
[    3.169581] Initializing cgroup subsys perf_event
[    3.197175] Initializing cgroup subsys net_prio
[    3.221919] Initializing cgroup subsys hugetlb
[    3.253306] Initializing cgroup subsys pids
[    3.255809] mce: CPU supports 0 MCE banks
[    3.278116] Last level iTLB entries: 4KB 1024, 2MB 1024, 4MB 1024
[    3.309494] Last level dTLB entries: 4KB 1024, 2MB 1024, 4MB 1024, 1GB 4
[    3.345329] Spectre V2 : Mitigation: Full generic retpoline
[    3.373449] Spectre V2 : Spectre v2 mitigation: Speculation control IBPB not-supported IBRS not-supported
[    3.417071] Spectre V2 : Spectre v2 / SpectreRSB mitigation: Filling RSB on context switch
[    3.449832] Speculative Store Bypass: Vulnerable
[    3.471932] Freeing SMP alternatives memory: 32K
[    3.509082] ftrace: allocating 32265 entries in 127 pages
[    3.585353] smpboot: APIC(0) Converting physical 0 to logical package 0
[    3.634877] smpboot: Max logical packages: 1
[    3.666646] x2apic enabled
[    3.691126] Switched APIC routing to physical x2apic.
[    3.734545] ..TIMER: vector=0x30 apic1=0 pin1=2 apic2=-1 pin2=-1
[    3.864988] smpboot: CPU0: Intel(R) Core(TM) i7-4770HQ CPU @ 2.20GHz (family: 0x6, model: 0x46, stepping: 0x1)
[    3.925706] Performance Events: unsupported p6 CPU model 70 no PMU driver, software events only.
[    3.974007] KVM setup paravirtual spinlock
[    3.991373] x86: Booting SMP configuration:
[    3.992660] .... node  #0, CPUs:      #1
[    3.995890] kvm-clock: cpu 1, msr 0:3ffe3041, secondary cpu clock
[    4.013598] mce: CPU supports 0 MCE banks
[    4.031104] x86: Booted up 1 node, 2 CPUs
[    4.044151] smpboot: Total of 2 processors activated (8779.67 BogoMIPS)
[    4.064992] devtmpfs: initialized
[    4.073045] evm: security.selinux
[    4.077727] evm: security.SMACK64
[    4.087808] evm: security.SMACK64EXEC
[    4.099932] evm: security.SMACK64TRANSMUTE
[    4.108250] evm: security.SMACK64MMAP
[    4.112759] evm: security.ima
[    4.114031] evm: security.capability
[    4.115784] clocksource: jiffies: mask: 0xffffffff max_cycles: 0xffffffff, max_idle_ns: 7645041785100000 ns
[    4.122002] futex hash table entries: 512 (order: 3, 32768 bytes)
[    4.124296] pinctrl core: initialized pinctrl subsystem
[    4.126357] RTC time: 17:13:24, date: 10/31/18
[    4.128447] NET: Registered protocol family 16
[    4.141181] cpuidle: using governor ladder
[    4.161282] cpuidle: using governor menu
[    4.162647] PCCT header not found.
[    4.165104] ACPI: bus type PCI registered
[    4.168053] acpiphp: ACPI Hot Plug PCI Controller Driver version: 0.5
[    4.172257] PCI: Using configuration type 1 for base access
[    4.186762] ACPI: Added _OSI(Module Device)
[    4.188571] ACPI: Added _OSI(Processor Device)
[    4.190227] ACPI: Added _OSI(3.0 _SCP Extensions)
[    4.192081] ACPI: Added _OSI(Processor Aggregator Device)
[    4.195933] ACPI: Executed 1 blocks of module-level executable AML code
[    4.209074] ACPI: Interpreter enabled
[    4.217745] ACPI: (supports S0 S5)
[    4.219419] ACPI: Using IOAPIC for interrupt routing
[    4.226792] PCI: Using host bridge windows from ACPI; if necessary, use "pci=nocrs" and report a bug
[    4.250702] ACPI: PCI Root Bridge [PCI0] (domain 0000 [bus 00-ff])
[    4.258989] acpi PNP0A03:00: _OSC: OS supports [ASPM ClockPM Segments MSI]
[    4.276938] acpi PNP0A03:00: _OSC: not requesting OS control; OS requires [ExtendedConfig ASPM ClockPM MSI]
[    4.283894] acpi PNP0A03:00: fail to add MMCONFIG information, can't access extended PCI configuration space under this bridge.
[    4.295274] PCI host bridge to bus 0000:00
[    4.298672] pci_bus 0000:00: root bus resource [io  0x0000-0x0cf7 window]
[    4.307327] pci_bus 0000:00: root bus resource [io  0x0d00-0xffff window]
[    4.318932] pci_bus 0000:00: root bus resource [mem 0x000a0000-0x000bffff window]
[    4.342545] pci_bus 0000:00: root bus resource [mem 0x40000000-0xfdffffff window]
[    4.353445] pci_bus 0000:00: root bus resource [bus 00-ff]
[    4.374879] pci 0000:00:01.1: legacy IDE quirk: reg 0x10: [io  0x01f0-0x01f7]
[    4.384549] pci 0000:00:01.1: legacy IDE quirk: reg 0x14: [io  0x03f6]
[    4.388279] pci 0000:00:01.1: legacy IDE quirk: reg 0x18: [io  0x0170-0x0177]
[    4.395129] pci 0000:00:01.1: legacy IDE quirk: reg 0x1c: [io  0x0376]
[    4.433654] pci 0000:00:07.0: quirk: [io  0x4000-0x403f] claimed by PIIX4 ACPI
[    4.438542] pci 0000:00:07.0: quirk: [io  0x4100-0x410f] claimed by PIIX4 SMB
[    4.449821] ACPI: PCI Interrupt Link [LNKA] (IRQs 5 9 10 *11)
[    4.455872] ACPI: PCI Interrupt Link [LNKB] (IRQs 5 9 *10 11)
[    4.458734] ACPI: PCI Interrupt Link [LNKC] (IRQs 5 *9 10 11)
[    4.473877] ACPI: PCI Interrupt Link [LNKD] (IRQs 5 9 10 *11)
[    4.490277] ACPI: Enabled 2 GPEs in block 00 to 07
[    4.502297] vgaarb: setting as boot device: PCI:0000:00:02.0
[    4.505249] vgaarb: device added: PCI:0000:00:02.0,decodes=io+mem,owns=io+mem,locks=none
[    4.508642] vgaarb: loaded
[    4.511337] vgaarb: bridge control possible 0000:00:02.0
[    4.513552] SCSI subsystem initialized
[    4.515012] ACPI: bus type USB registered
[    4.517571] usbcore: registered new interface driver usbfs
[    4.519173] usbcore: registered new interface driver hub
[    4.524472] usbcore: registered new device driver usb
[    4.539065] PCI: Using ACPI for IRQ routing
[    4.549378] NetLabel: Initializing
[    4.550537] NetLabel:  domain hash size = 128
[    4.551923] NetLabel:  protocols = UNLABELED CIPSOv4
[    4.559497] NetLabel:  unlabeled traffic allowed by default
[    4.562202] amd_nb: Cannot enumerate AMD northbridges
[    4.565089] clocksource: Switched to clocksource kvm-clock
[    4.576850]AppAmor: Apprmor Fiesysem Eabled[    4.79021] pnp: PnP ACPI init
[    4.88900] pp: PP CPI: found 3 devices

[    4.89179]clcksource acpi_m: mas: 0xffffff max_cycles: 0xfffff, ax_ile_ns:208501024 n
[   5.13570] NET: Registered protocol family 2

[    5.264504] TCP established hash table entries: 812 (order: 4, 65536 bytes)

[    5.289746] TCP bind hash table entries: 8192 (order: 5, 131072 bytes)
[    5.294876] TCP: Hash tables configured (established 8192bind 192)
[    5.34104]UDP ash table entres: 512 (order: 2, 16384 byte)
[   5.46408] DPLite has tabl entries: 512 (order 2, 6384 bytes)
[   5.649509] NET: Registered protocolfamly 1
[    5.720363] pci 0000:00:00.0: Limiting direct PCI/PCI transfers
[    5.72243] pci 0000:00:1.0: Activatig IS DMA ng workarounds
[    5866298] Unacking nitramfs..

[    6.196695] Freeing initrd memory: 15360K
[    6.214936] platform rtc_cmos: registered platform RTC device (no PNP device found)
[    6.258172] Scanning for low memory corruption every 60 seconds
[    6.279482] audit: initializing netlink subsys (disabled)
[    6.286120] audit: type=2000 audit(1541006008.341:1): initialized
[    6.288104] Initialise system trusted keyring
[    6.292231] HugeTLB registered 2 MB page size, pre-allocated 0 pages
[    6.304487] zbud: loaded
[    6.314336] VFS: Disk quotas dquot_6.6.0
[    6.337866] VFS: Dquot-cache hash table entries: 512 (order 0, 4096 bytes)
[    6.360104] squashfs: version 4.0 (2009/01/31) Phillip Lougher
[    6.363522] fuse init (API version 7.23)
[    6.364964] Key type big_key registered
[    6.366291] Allocating IMA MOK and blacklist keyrings.
[    6.373046] Key type asymmetric registered
[    6.375807] Asymmetric key parser 'x509' registered
[    6.377460] Block layer SCSI generic (bsg) driver version 0.4 loaded (major 249)
[    6.380046] io scheduler noop registered
[    6.381270] io scheduler deadline registered (default)
[    6.382938] io scheduler cfq registered
[    6.384542] pci_hotplug: PCI Hot Plug PCI Core version: 0.5
[    6.386552] pciehp: PCI Express Hot Plug Controller Driver version: 0.4
[    6.389003] ACPI: AC Adapter [AC] (on-line)
[    6.390592] input: Power Button as /devices/LNXSYSTM:00/LNXPWRBN:00/input/input0
[    6.393273] ACPI: Power Button [PWRF]
[    6.394795] input: Sleep Button as /devices/LNXSYSTM:00/LNXSLPBN:00/input/input1
[    6.399627] ACPI: Sleep Button [SLPF]
[    6.401272] GHES: HEST is not enabled!
[    6.402832] ACPI: Battery Slot [BAT0] (battery present)
[    6.406952] Serial: 8250/16550 driver, 32 ports, IRQ sharing enabled
[    6.434348] 00:02: ttyS0 at I/O 0x3f8 (irq = 4, base_baud = 115200) is a 16550A
[    6.78726]Linux agpgart interace 0.103
[    6.581237] loop: module loaded
[    6.591494] scsi host0: ata_piix
[    6.592761] scsi host1: ata_piix
[    6.594591] ata1: PATA max UDMA/33 cmd 0x1f0 ctl 0x3f6 bmdma 0xd000 irq 14
[    6.599250] ata2: PATA max UDMA/33 cmd 0x170 ctl 0x376 bmdma 0xd008 irq 15
[    6.601423] libphy: Fixed MDIO Bus: probed
[    6.605219] tun: Universal TUN/TAP device driver, 1.6
[    6.610551] tun: (C) 1999-2004 Max Krasnyansky <maxk@qualcomm.com>
[    6.612649] PPP generic driver version 2.4.2
[    6.614201] ehci_hcd: USB 2.0 'Enhanced' Host Controller (EHCI) Driver
[    6.616180] ehci-pci: EHCI PCI platform driver
[    6.634413] ehci-platform: EHCI generic platform driver
[    6.650410] ohci_hcd: USB 1.1 'Open' Host Controller (OHCI) Driver
[    6.670078] ohci-pci: OHCI PCI platform driver
[    6.674930] ohci-platform: OHCI generic platform driver
[    6.694883] uhci_hcd: USB Universal Host Controllr Interface driver
[   6.723864] i8042: PNP: PS/2 Controller [PNP0303:PS2K,PNP0f03:PS2M] at 0x60,0x64 irq 1,12
[    6.758004] serio: i8042 KBD port at 0x60,0x64 irq 1
[    6.770971 sero: i8042 AUX port at 0x60,0x64 irq 12

[    6.821652] mousedev: PS/2 mouse device common for all mice
[    6.848601] rtc_cmos rtc_cmos: rtc core: registered rtc_cmos as rtc0
[    6.867546] rtc_cmos rtc_cmos: alarms up to one day, 114 bytes nvram
[    6.875842] i2c /dev entries driver
[    6.884730] input: AT Translated Set 2 keyboard as /devices/platform/i8042/serio0/input/input2
[    6.915106] device-mapper: uevent: version 1.0.3
[    6.926428] device-mapper: ioctl: 4.34.0-ioctl (2015-10-28) initialised: dm-devel@redhat.com
[    6.965080] ledtrig-cpu: registered to indicate activity on CPUs
[    6.975903] NET: Registered protocol family 10
[    6.985667] NET: Registered protocol family 17
[    6.989937] Key type dns_resolver registered
[    7.004652] registered taskstats version 1
[    7.024487] Loading compiled-in X.509 certificates
[    7.033123] Loaded X.509 cert 'Build time autogenerated kernel key: 20acc96b50ca7641011eace69d32209215a9b56f'
[    7.068922] zswap: loaded using pool lzo/zbud
[    7.097913] Key type trusted registered
[    7.123577] Key type encrypted registered
[    7.127380] AppArmor: AppArmor sha1 policy hashing enabled
[    7.154957] ima: No TPM chip found, activating TPM-bypass!
[    7.156596] ima: Allocated hash algorithm: sha1
[    7.158076] evm: HMAC attrs: 0x1
[    7.159747]   Magic number: 6:327:240
[    7.161065] rtc_cmos rtc_cmos: setting system clock to 2018-10-31 17:13:27 UTC (1541006007)
[    7.163749] BIOS EDD facility v0.16 2004-Jun-25, 0 devices found
[    7.166034] EDD information not available.
[    7.168753] Freeing unused kernel memory: 1528K
[    7.185220] Write protecting the kernel read-only data: 14336k
[    7.190170] Freeing unused kernel memory: 1672K
[    7.196378] Freeing unused kernel memory: 92K
[    7.213583] tsc: Refined TSC clocksource calibration: 2194.044 MHz
Loading, please [    8.262187] clocksource: tsc: mask: 0xffffffffffffffff max_cycles: 0x1fa038912fa, max_idle_ns: 440795317661 ns
wait...
[    8.294468] random: systemd-udevd: uninitialized urandom read (16 bytes read, 4 bits of entropy available)
starting version 229
[    8.295022] random: udevadm: uninitialized urandom read (16 bytes read, 4 bits of entropy available)
[    8.295042] random: udevadm: uninitialized urandom read (16 bytes read, 4 bits of entropy available)
[    8.302173] random: udevadm: uninitialized urandom read (16 bytes read, 4 bits of entropy available)
[    8.302209] random: udevadm: uninitialized urandom read (16 bytes read, 4 bits of entropy available)
[    8.302317] random: udevadm: uninitialized urandom read (16 bytes read, 4 bits of entropy available)
[    8.302358] random: udevadm: uninitialized urandom read (16 bytes read, 4 bits of entropy available)
[    8.302399] random: udevadm: uninitialized urandom read (16 bytes read, 4 bits of entropy available)
[    8.302438] random: udevadm: uninitialized urandom read (16 bytes read, 4 bits of entropy available)
[    8.302476] random: udevadm: uninitialized urandom read (16 bytes read, 4 bits of entropy available)
[    8.625036] e1000: Intel(R) PRO/1000 Network Driver - version 7.3.21-k8-NAPI
[    8.637515] e1000: Copyright (c) 1999-2006 Intel Corporation.
[    8.649423] Fusion MPT base driver 3.04.20
[    8.659318] Copyright (c) 1999-2008 LSI Corporation
[    8.700006] Fusion MPT SPI Host driver 3.04.20
[    8.737993] AVX2 version of gcm_enc/dec engaged.
[    8.742454] AES CTR mode by8 optimization enabled
[    8.895876] input: ImExPS/2 Generic Explorer Mouse as /devices/platform/i8042/serio1/input/input4
[    9.155522] e1000 0000:00:03.0 eth0: (PCI:33MHz:32-bit) 02:ac:a2:c8:15:3b
[    9.193074] e1000 0000:00:03.0 eth0: Intel(R) PRO/1000 Network Connection
[    9.223371] e1000 0000:00:03.0 enp0s3: renamed from eth0
[    9.225249] mptbase: ioc0: Initiating bringup
[    9.310219] ioc0: LSI53C1030 A0: Capabilities={Initiator}
[    9.898088] scsi host2: ioc0: LSI53C1030 A0, FwRev=00000000h, Ports=1, MaxQ=256, IRQ=20
[   11.155124] scsi 2:0:0:0: Direct-Access     VBOX     HARDDISK         1.0  PQ: 0 ANSI: 5
[   11.421990] scsi target2:0:0: Beginning Domain Validation
[   11.431371] scsi target2:0:0: Domain Validation skipping write tests
[   11.451016] scsi target2:0:0: Ending Domain Validation
[   11.470833] scsi target2:0:0: asynchronous
[   11.495460] scsi 2:0:1:0: Direct-Access     VBOX     HARDDISK         1.0  PQ: 0 ANSI: 5
[   11.515247] scsi target2:0:1: Beginning Domain Validation
[   11.537248] scsi target2:0:1: Domain Validation skipping write tests
[   11.569893] scsi target2:0:1: Ending Domain Validation
[   11.777174] scsi target2:0:1: asynchronous
[   11.807082] sd 2:0:0:0: Attached scsi generic sg0 type 0
[   11.838233] sd 2:0:1:0: Attached scsi generic sg1 type 0
[   11.838473] sd 2:0:0:0: [sda] 20971520 512-byte logical blocks: (10.7 GB/10.0 GiB)
[   11.875915] sd 2:0:1:0: [sdb] 20480 512-byte logical blocks: (10.5 MB/10.0 MiB)
[   11.895155] sd 2:0:0:0: [sda] Write Protect is off
[   11.904691] sd 2:0:0:0: [sda] Incomplete mode parameter data
[   11.925332] sd 2:0:0:0: [sda] Assuming drive cache: write through
[   11.925413] sd 2:0:1:0: [sdb] Write Protect is off
[   11.925754] sd 2:0:1:0: [sdb] Incomplete mode parameter data
[   11.925755] sd 2:0:1:0: [sdb] Assuming drive cache: write through
[   12.035947]  sda: sda1
[   12.038133] sd 2:0:1:0: [sdb] Attached SCSI disk
[   12.052352] sd 2:0:0:0: [sda] Attached SCSI disk
Begin: Loading essential drivers ... [   13.469536] md: linear personality registered for level -1
[   13.492049] md: multipath personality registered for level -4
[   13.507597] md: raid0 personality registered for level 0
[   13.525180] md: raid1 personality registered for level 1
[   13.597669] raid6: sse2x1   gen()  9264 MB/s
[   13.669366] raid6: sse2x1   xor()  7422 MB/s
[   13.761183] raid6: sse2x2   gen() 12101 MB/s
[   13.849316] raid6: sse2x2   xor()  7873 MB/s
[   13.925173] raid6: sse2x4   gen() 13484 MB/s
[   14.024038] raid6: sse2x4   xor() 10035 MB/s
[   14.109278] raid6: avx2x1   gen() 18214 MB/s
[   14.197776] raid6: avx2x2   gen() 20666 MB/s
[   14.269176] raid6: avx2x4   gen() 20881 MB/s
[   14.277272] raid6: using algorithm avx2x4 gen() 20881 MB/s
[   14.289961] raid6: using avx2x2 recovery algorithm
[   14.313863] xor: automatically using best checksumming function:
[   14.381386]    avx       : 27007.000 MB/sec
[   14.388590] async_tx: api initialized (async)
[   14.412501] md: raid6 personality registered for level 6
[   14.418201] md: raid5 personality registered for level 5
[   14.422811] md: raid4 personality registered for level 4
[   14.431280] md: raid10 personality registered for level 10
done.
Begin: Running /scripts/init-premount ... done.
Begin: Mounting root file system ... Begin: Running /scripts/local-top ... done.
Begin: Running /scripts/local-premount ... [   14.477195] Btrfs loaded
Scanning for Btrfs filesystems
done.
Warning: fsck not present, so skipping root file[   14.515549] EXT4-fs (sda1): INFO: recovery required on readonly filesystem
 system
[   14.543741] EXT4-fs (sda1): write access will be enabled during recovery
[   15.425563] EXT4-fs (sda1): recovery complete
[   15.437236] EXT4-fs (sda1): mounted filesystem with ordered data mode. Opts: (null)
done.
[   15.513726] random: nonblocking pool is initialized
Begin: Running /scripts/local-bottom ... done.
Begin: Running /scripts/init-bottom ... done.
[   16.832928] systemd[1]: systemd 229 running in system mode. (+PAM +AUDIT +SELINUX +IMA +APPARMOR +SMACK +SYSVINIT +UTMP +LIBCRYPTSETUP +GCRYPT +GNUTLS +ACL +XZ -LZ4 +SECCOMP +BLKID +ELFUTILS +KMOD -IDN)
[   16.914806] systemd[1]: Detected virtualization oracle.
[   16.929640] systemd[1]: Detected architecture x86-64.

Welcome to [1mUbuntu 16.04.5 LTS[0m!

[   17.168388] systemd[1]: Set hostname to <profiler-server>.
[   19.050583] systemd[1]: Listening on Syslog Socket.
[[0;32m  OK  [0m] Listening on Syslog Socket.
[   19.062846] systemd[1]: Started Forward Password Requests to Wall Directory Watch.
[[0;32m  OK  [0m] Started Forward Password Requests to Wall Directory Watch.
[   19.138071] systemd[1]: Created slice User and Session Slice.
[[0;32m  OK  [0m] Created slice User and Session Slice.
[   19.163225] systemd[1]: Listening on Device-mapper event daemon FIFOs.
[[0;32m  OK  [0m] Listening on Device-mapper event daemon FIFOs.
[   19.202915] systemd[1]: Listening on udev Kernel Socket.
[[0;32m  OK  [0m] Listening on udev Kernel Socket.
[   19.246971] systemd[1]: Reached target System Time Synchronized.
[[0;32m  OK  [0m] Reached target System Time Synchronized.
[   19.258066] systemd[1]: Listening on LVM2 poll daemon socket.
[[0;32m  OK  [0m] Listening on LVM2 poll daemon socket.
[   19.298511] systemd[1]: Listening on Journal Socket (/dev/log).
[[0;32m  OK  [0m] Listening on Journal Socket (/dev/log).
[   19.308613] systemd[1]: Set up automount Arbitrary Executable File Formats File System Automount Point.
[[0;32m  OK  [0m] Set up automount Arbitrary Executab...ats File System Automount Point.
[   19.343893] systemd[1]: Listening on udev Control Socket.
[[0;32m  OK  [0m] Listening on udev Control Socket.
[   19.356374] systemd[1]: Listening on LVM2 metadata daemon socket.
[[0;32m  OK  [0m] Listening on LVM2 metadata daemon socket.
[   19.371273] systemd[1]: Listening on Journal Socket.
[[0;32m  OK  [0m] Listening on Journal Socket.
[   19.378303] systemd[1]: Listening on Journal Audit Socket.
[[0;32m  OK  [0m] Listening on Journal Audit Socket.
[   19.393404] systemd[1]: Reached target Encrypted Volumes.
[[0;32m  OK  [0m] Reached target Encrypted Volumes.
[   19.402576] systemd[1]: Reached target User and Group Name Lookups.
[[0;32m  OK  [0m] Reached target User and Group Name Lookups.
[   19.413468] systemd[1]: Reached target Swap.
[[0;32m  OK  [0m] Reached target Swap.
[   19.422640] systemd[1]: Created slice System Slice.
[[0;32m  OK  [0m] Created slice System Slice.
[   19.466061] systemd[1]: Starting Load Kernel Modules...
         Starting Load Kernel Modules...
[   19.475332] systemd[1]: Created slice system-serial\x2dgetty.slice.
[[0;32m  OK  [0m] Created slice system-serial\x2dgetty.slice.
[   19.483924] systemd[1]: Mounting Huge Pages File System...
         Mounting Huge Pages File System...
[   19.617992] systemd[1]: Starting Uncomplicated firewall...
         Starting Uncomplicated firewall...
[   19.642593] systemd[1]: Starting Create list of required static device nodes for the current kernel...
[   19.677173] Loading iSCSI transport class v2.0-870.
         Starting Create list of required st... nodes for the current kernel...
[   19.697296] systemd[1]: Starting Journal Service...
         Starting Journal Service...
[   19.706381] systemd[1]: Starting Set console keymap...
         Starting Set console keymap...
[   19.742381] systemd[1]: Mounting Debug File System...
         Mounting Debug File System...
[   19.767302] systemd[1]: Starting Remount Root and Kernel File Systems...
         Starting Remount Root and Kernel File Systems...
[   19.782705] systemd[1]: Starting Monitoring of LVM2 mirrors, snapshots etc. using dmeventd or progress polling...
         Starting Monitoring of LVM2 mirrors... dmeventd or progress polling...
[   19.790192] systemd[1]: Mounting POSIX Message Queue File System...
         Mounting POSIX Message Queue File System...
[   19.794752] systemd[1]: Reached target Slices.
[[0;32m  OK  [0m] Reached target Slices.
[   19.800403] systemd[1]: Starting Nameserver information manager...
         Starting Nameserver information manager...
[   19.805382] systemd[1]: Started Trigger resolvconf update for networkd DNS.
[[0;32m  OK  [0m] Started Trigger resolvconf update for networkd DNS.
[   19.810120] systemd[1]: Listening on /dev/initctl Compatibility Named Pipe.
[[0;32m  OK  [0m] Listening on /dev/initctl Compatibility Named Pipe.
[   19.816975] systemd[1]: Started Uncomplicated firewall.
[[0;32m  OK  [0m] Started Uncomplicated firewall.
[   19.935876] sstemd[1]: Started Create list of reqiredstatic device nodes fo the current kernel.

[[0;32m  OK  [0m] Started Create list of required sta...ce nodes for the current kernel.
[   20.073797] systemd[1]: Starting Create Static Device Nodes in /dev...
         [   20.095466] iscsi: registered transport (tcp)
Starting Create Static Device Nodes in /dev...
[   20.244044] EXT4-fs (sda1): Couldn't remount RDWR because of unprocessed orphan inode list.  Please umount/remount instead
[   20.244780] systemd[1]: Mounted Huge Pages File System.
[[0;32m  OK  [0m] Mounted Huge Pages File System.
[   20.282641] systemd[1]: Mounted Debug File System.
[[0;32m  OK  [0m] Mounted Debug File System.
[   20.330266] systemd[1]: Mouted POSIX Message Queue File System.

[[0;32m  OK  [0m] Mounted POSIX Message Queue File System.
[   20.513755] systemd[1]: Started Nameserver information manager.
[[0;32m  OK  [0m] Started Nameserver information manager.
[   20.649192] systemd[1]: systemd-remount-fs.service: Main process exited, code=exited, status=1/FAILURE
[   20.670404] systemd[1]: Failed to start Remount Root and Kernel File Systems.
[[0;1;31mFAILED[0m] Failed to start Remount Root and Kernel File Systems.
See 'systemctl status systemd-remount-fs.service' for details.
[   20.706114] systemd[1]: systemd-remount-fs.service: Unit entered failed state.
[   20.736140] systemd[1]: systemd-remount-fs.service: Failed with result 'exit-code'.
[   20.748380] systemd[1]: Started Set console keymap.
[[0;32m  OK  [0m] Started Set console keymap.
[   20.755157] systemd[1]: Started Journal Service.
[[0;32m  OK  [0m] Started Journal Service.
[   20.780773] iscsi: registered transport (iser)
[[0;32m  OK  [0m] Started Load Kernel Modules.
         Mounting FUSE Control File System...
         Starting Apply Kernel Variables...
[[0;32m  OK  [0m] Started LVM2 metadata daemon.
         Starting Initial cloud-init job (pre-networking)...
         Starting Load/Save Random Seed...
         Starting udev Coldplug all Devices...
         Starting Flush Journal to Persistent Storage...
[[0;32m  OK  [0m] Mounted FUSE Control File System.
[[0;32m  OK  [0m] Started Load/Save Random Seed.
[   21.148134] systemd-journald[379]: Received request to flush runtime journal from PID 1
[[0;32m  OK  [0m] Started udev Coldplug all Devices.
[[0;32m  OK  [0m] Started Flush Journal to Persistent Storage.
[[0;32m  OK  [0m] Started Create Static Device Nodes in /dev.
[[0;32m  OK  [0m] Started Apply Kernel Variables.
         Starting udev Kernel Device Manager...
[[0;32m  OK  [0m] Started Monitoring of LVM2 mirrors,...ng dmeventd or progress polling.
[[0;32m  OK  [0m] Started udev Kernel Device Manager.
[[0;32m  OK  [0m] Started Dispatch Password Requests to Console Directory Watch.
[[0;32m  OK  [0m] Reached target Local File Systems (Pre).
[[0;32m  OK  [0m] Reached target Local File Systems.
         Starting Create Volatile Files and Directories...
         Starting Set console font and keymap...
         Starting Tell Plymouth To Write Out Runtime Data...
         Starting LSB: AppArmor initialization...
[[0;32m  OK  [0m] Found device /dev/ttyS0.
[[0;32m  OK  [0m] Started Tell Plymouth To Write Out Runtime Data.
[[0;1;31mFAILED[0m] Failed to start Create Volatile Files and Directories.
See 'systemctl status systemd-tmpfiles-setup.service' for details.
         Starting Update UTMP about System Boot/Shutdown...
[[0;32m  OK  [0m] Listening on Load/Save RF Kill Switch Status /dev/rfkill Watch.
[[0;1;31mFAILED[0m] Failed to start Update UTMP about System Boot/Shutdown.
See 'systemctl status systemd-update-utmp.service' for details.
[[0;1;33mDEPEND[0m] Dependency failed for Update UTMP about System Runlevel Changes.
[[0;32m  OK  [0m] Found device 82540EM Gigabit Ethern...r (PRO/1000 MT Desktop Adapter).
[[0;32m  OK  [0m] Started Set console font and keymap.
[[0;32m  OK  [0m] Created slice system-getty.slice.
[[0;32m  OK  [0m] Started LSB: AppArmor initialization.
[   22.297145] cloud-init[437]: Traceback (most recent call last):
[   22.324560] cloud-init[437]:   File "/usr/bin/cloud-init", line 9, in <module>
[   22.356622] cloud-init[437]:     load_entry_point('cloud-init==18.3', 'console_scripts', 'cloud-init')()
[   22.371232] cloud-init[437]:   File "/usr/lib/python3/dist-packages/cloudinit/cmd/main.py", line 882, in main
[[0;1;31mFAILED[0m] Failed to start Initial cloud-init job (pre-networking).
[   22.371927] cloud-init[437]:     get_uptime=True, func=functor, args=(name, args))
[   22.412775] cloud-init[437]:   File "/usr/lib/python3/dist-packages/cloudinit/util.py", line 2482, in log_time
[   22.413415] cloud-init[437]:     ret = func(*args, **kwargs)
See 'systemctl status cloud-init-local.service' for details.
[   22.413751] cloud-init[437]:   File "/usr/lib/python3/dist-packages/cloudinit/cmd/main.py", line 603, in status_wrapper
[[0;32m  OK  [0m] Reached target Network (Pre).
[   22.431186] cloud-init[437]:     util.ensure_dirs((data_d, link_d,))
[   22.443763] cloud-init[437]:   File "/usr/lib/python3/dist-packages/cloudinit/util.py", line 1540, in ensure_dirs
[   22.450465] cloud-init[437]:     ensure_dir(d, mode)
[   22.454832] cloud-init[437]:   File "/usr/lib/python3/dist-packages/cloudinit/util.py", line 1584, in ensure_dir
[   22.465617] [[0;32m  OK  [0m] Started ifup for enp0s3.
cloud-init[437]:     chmod(path, mode)
         Starting Raise network interfaces...
[   22.471867] cloud-init[437]:   File "/usr/lib/python3/dist-packages/cloudinit/util.py", line 1807, in chmod
[   22.480869] cloud-init[437]:     os.chmod(path, real_mode)
[   22.485991] cloud-init[437]: OSError: [Errno 30] Read-only file system: '/var/lib/cloud/data'
[   22.495606] cloud-init[437]: Error in sys.excepthook:
[   22.504604] cloud-init[437]: Traceback (most recent call last):
[   22.525358] cloud-init[437]:   File "/usr/lib/python3/dist-packages/apport_python_hook.py", line 145, in apport_excepthook
[   22.545465] cloud-init[437]:     os.O_WRONLY | os.O_CREAT | os.O_EXCL, 0o640), 'wb') as f:
[   22.559292] cloud-init[437]: OSError: [Errno 30] Read-only file system: '/var/crash/_usr_bin_cloud-init.0.crash'
[   22.578722] cloud-init[437]: Original exception was:
[   22.589416] cloud-init[437]: Traceback (most recent call last):
[   22.599739] cloud-init[437]:   File "/usr/bin/cloud-init", line 9, in <module>
[   22.603643] cloud-init[437]:     load_entry_point('cloud-init==18.3', 'console_scripts', 'cloud-init')()
[   22.612572] cloud-init[437]:   File "/usr/lib/python3/dist-packages/cloudinit/cmd/main.py", line 882, in main
[   22.630324] cloud-init[437]:     get_uptime=True, func=functor, args=(name, args))
[   22.639056] cloud-init[437]:   File "/usr/lib/python3/dist-packages/cloudinit/util.py", line 2482, in log_time
[   22.660176] cloud-init[437]:     ret = func(*args, **kwargs)
[   22.666124] cloud-init[437]:   File "/usr/lib/python3/dist-packages/cloudinit/cmd/main.py", line 603, in status_wrapper
[   22.679360] cloud-init[437]:     util.ensure_dirs((data_d, link_d,))
[   22.693218] cloud-init[437]:   File "/usr/lib/python3/dist-packages/cloudinit/util.py", line 1540, in ensure_dirs
[   22.707604] cloud-init[437]:     ensure_dir(d, mode)
[   22.710327] cloud-init[437]:   File "/usr/lib/python3/dist-packages/cloudinit/util.py", line 1584, in ensure_dir
[   22.737376] cloud-init[437]:     chmod(path, mode)
[   22.753221] cloud-init[437]:   File "/usr/lib/python3/dist-packages/cloudinit/util.py", line 1807, in chmod
[   22.766678] cloud-init[437]:     os.chmod(path, real_mode)
[   22.780840] cloud-init[437]: OSError: [Errno 30] Read-only file system: '/var/lib/cloud/data'
[[0;32m  OK  [0m] Started Raise network interfaces.
[[0;32m  OK  [0m] Reached target Network.
         Starting Initial cloud-init job (metadata service crawler)...
[   23.214460] cloud-init[928]: Traceback (most recent call last):
[   23.251611] cloud-init[[0;1;31mFAILED[0m] Failed to start Initial cloud-init job (metadata service crawler).
[928]:   File "/usr/bin/cloud-init", line 9, in <module>
See 'systemctl status cloud-init.service' for details.
[   23.254326] [[0;32m  OK  [0m] Reached target Network is Online.
cloud-init[928]:     load_entry_point('cloud-init==18.3', 'console_scripts', 'cloud-init')()
[   23.293604]          Starting iSCSI initiator daemon (iscsid)...
cloud-init[928]:   File "/usr/lib/python3/dist-packages/cloudinit/cmd/main.py", line 882, in main
[[0;32m  OK  [0m] Reached target Cloud-config availability.
[[0;32m  OK  [0m] Reached target System Initialization.
[   23.295614] cloud-init[928]:     get_uptime=True, func=functor, args=(name, args))
[   23.330493] [[0;32m  OK  [0m] Started ACPI Events Check.
[[0;32m  OK  [0m] Reached target Paths.
cloud-init[928]:   File "/usr/lib/python3/dist-packages/cloudinit/util.py", line 2482, in log_time
[   23.352712] [cloud-init[0;32m  OK  [0m[928]: ]     ret = func(*args, **kwargs)Listening on UUID daemon activation socket.

[   23.378861] [[0;32m  OK  [0m] Listening on D-Bus System Message Bus Socket.
         Starting Socket activation for snappy daemon.
[[0;32m  OK  [0m] Listening on ACPID Listen Socket.
cloud-init[928]:   File "/usr/lib/python3/dist-packages/cloudinit/cmd/main.py", line 603, in status_wrapper
[   23.414198] cloud-init[928]:     util.ensure_dirs((data_d, link_d,))
[[0;1;31mFAILED[0m] Failed to listen on LXD - unix socket.
See 'systemctl status lxd.socket' for details.
[   23.416187] cloud-init[928]:   File "/usr/lib/python3/dist-packages/cloudinit/util.py", line 1540, in ensure_dirs
[[0;1;33mDEPEND[0m] Dependency failed for LXD - container startup/shutdown.
[   23.424664] cloud-init[928]:     ensure_dir(d, mode)
[   23.449213] cloud-init[928]:   File "/usr/lib/python3/dist-packages/cloudinit/util.py", line 1584, in ensure_dir
[   23.482341] cloud-init[928]:     chmod(path, mode)
[   23.490684] cloud-init[928]:   File "/usr/lib/python3/dist-packages/cloudinit/util.py", line 1807, in chmod
[   23.510752] cloud-init[928]:     os.chmod(path, real_mode)
[   23.522862] cloud-init[928]: OSError: [Errno 30] Read-only file system: '/var/lib/cloud/data'
[   23.529634] cloud-init[928]: Error in sys.excepthook:
[   23.540892] [cloud-init[0;32m  OK  [0m[928]: ] Traceback (most recent call last):Started Daily apt download activities.

[[0;32m  OK  [0m] Started Daily apt upgrade and clean activities.
[[0;32m  OK  [0m] Started Daily Cleanup of Temporary Directories.
[[0;32m  OK  [0m] Reached target Timers.
[   23.541808] cloud-init[928]:   File "/usr/lib/python3/dist-packages/apport_python_hook.py", line 145, in apport_excepthook
[   23.577650] cloud-init[928]:     os.O_WRONLY | os.O_CREAT | os.O_EXCL, 0o640), 'wb') as f:
[   23.584263] cloud-init[928]: OSError: [Errno 30] Read-only file system: '/var/crash/_usr_bin_cloud-init.0.crash'
[   23.584369] cloud-init[928]: Original exception was:
[   23.584411] cloud-init[928]: Traceback (most recent call last):
[   23.585865] cloud-init[928]:   File "/usr/bin/cloud-init", line 9, in <module>
[   23.585906] cloud-init[928]:     load_entry_point('cloud-init==18.3', 'console_scripts', 'cloud-init')()
[   23.585940] cloud-init[928]:   File "/usr/lib/python3/dist-packages/cloudinit/cmd/main.py", line 882, in main
[   23.585971] cloud-init[928]:     get_uptime=True, func=functor, args=(name, args))
[   23.586012] cloud-init[928]:   File "/usr/lib/python3/dist-packages/cloudinit/util.py", line 2482, in log_time
[   23.586047] cloud-init[928]:     ret = func(*args, **kwargs)
[   23.586078] cloud-init[928]:   File "/usr/lib/python3/dist-packages/cloudinit/cmd/main.py", line 603, in status_wrapper
[   23.586112] cloud-init[928]:     util.ensure_dirs((data_d, link_d,))
[   23.586143] cloud-init[928]:   File "/usr/lib/python3/dist-packages/cloudinit/util.py", line 1540, in ensure_dirs
[   23.586173] cloud-init[928]:     ensure_dir(d, mode)
[   23.586202] cloud-init[928]:   File "/usr/lib/python3/dist-packages/cloudinit/util.py", line 1584, in ensure_dir
[   23.586233] cloud-init[928]:     chmod(path, mode)
[   23.586491] cloud-init[928]:   File "/usr/lib/python3/dist-packages/cloudinit/util.py", line 1807, in chmod
[   23.586531] cloud-init[928]:     os.chmod(path, real_mode)
[   23.586587] cloud-init[928]: OSError: [Errno 30] Read-only file system: '/var/lib/cloud/data'
[[0;32m  OK  [0m] Listening on Socket activation for snappy daemon.
[[0;32m  OK  [0m] Started iSCSI initiator daemon (iscsid).
         Starting Login to default iSCSI targets...
[[0;32m  OK  [0m] Reached target Sockets.
[[0;32m  OK  [0m] Reached target Basic System.
[[0;32m  OK  [0m] Started D-Bus System Message Bus.
[[0;32m  OK  [0m] Started ACPI event daemon.
         Starting System Logging Service...
[[0;32m  OK  [0m] Started Unattended Upgrades Shutdown.
[[0;32m  OK  [0m] Started FUSE filesystem for LXC.
         Starting vboxadd.service...
         Starting /etc/rc.local Compatibility...
         Starting Login Service...
         Starting LSB: Record successful boot for GRUB...
         Starting LSB: MD monitoring daemon...
[[0;32m  OK  [0m] Started Deferred execution scheduler.
[[0;32m  OK  [0m] Started Regular background program processing daemon.
         Starting OpenBSD Secure Shell server...
         Starting Accounts Service...
         Starting Snappy daemon...
[[0;32m  OK  [0m] Started /etc/rc.local Compatibility.
[[0;32m  OK  [0m] Started Login Service.
[[0;32m  OK  [0m] Started LSB: Record successful boot for GRUB.
[[0;32m  OK  [0m] Started System Logging Service.
[[0;32m  OK  [0m] Started Login to default iSCSI targets.
[[0;32m  OK  [0m] Reached target Remote File Systems (Pre).
[[0;32m  OK  [0m] Reached target Remote File Systems.
         Starting LSB: automatic crash report generation...
         Starting LSB: daemon to balance interrupts for SMP systems...
         Starting LSB: Set the CPU Frequency Scaling governor to "ondemand"...
         Starting Permit User Sessions...
[[0;32m  OK  [0m] Started LSB: MD monitoring daemon.
[[0;32m  OK  [0m] Started Permit User Sessions.
[[0;32m  OK  [0m] Started LSB: Set the CPU Frequency Scaling governor to "ondemand".
         Starting Terminate Plymouth Boot Screen...
         Starting Hold until boot process finishes up...
[[0;32m  OK  [0m] Started Terminate Plymouth Boot Screen.
[[0;32m  OK  [0m] Started Hold until boot process finishes up.
         Starting Set console scheme...
[[0;32m  OK  [0m] Started Getty on tty1.
[[0;32m  OK  [0m] Started Serial Getty on ttyS0.
[[0;32m  OK  [0m] Reached target Login Prompts.
[[0;32m  OK  [0m] Started LSB: automatic crash report generation.
[[0;32m  OK  [0m] Started Set console scheme.
[[0;32m  OK  [0m] Started LSB: daemon to balance interrupts for SMP systems.
[[0;32m  OK  [0m] Started vboxadd.service.
         Starting vboxadd-service.service...
[[0;32m  OK  [0m] Started OpenBSD Secure Shell server.
         Starting Authenticate and Authorize Users to Run Privileged Tasks...
[[0;1;31mFAILED[0m] Failed to start vboxadd-service.service.
See 'systemctl status vboxadd-service.service' for details.
[[0;32m  OK  [0m] Started Authenticate and Authorize Users to Run Privileged Tasks.
[[0;32m  OK  [0m] Started Accounts Service.
[[0;1;31mFAILED[0m] Failed to start Snappy daemon.
See 'systemctl status snapd.service' for details.
         Starting Wait until snapd is fully seeded...
[[0;32m  OK  [0m] Stopped Snappy daemon.
         Starting Snappy daemon...
[[0;1;31mFAILED[0m] Failed to start Snappy daemon.
See 'systemctl status snapd.service' for details.
[[0;32m  OK  [0m] Stopped Snappy daemon.
         Starting Snappy daemon...
[[0;1;31mFAILED[0m] Failed to start Snappy daemon.
See 'systemctl status snapd.service' for details.
[[0;32m  OK  [0m] Stopped Snappy daemon.
         Starting Snappy daemon...
[[0;1;31mFAILED[0m] Failed to start Snappy daemon.
See 'systemctl status snapd.service' for details.
[[0;32m  OK  [0m] Stopped Snappy daemon.
         Starting Snappy daemon...
[[0;1;31mFAILED[0m] Failed to start Snappy daemon.
See 'systemctl status snapd.service' for details.
[[0;32m  OK  [0m] Stopped Snappy daemon.
[[0;1;31mFAILED[0m] Failed to start Snappy daemon.
See 'systemctl status snapd.service' for details.
[[0;32m  OK  [0m] Created slice User Slice of vagrant.
         Starting User Manager for UID 1000...
[[0;32m  OK  [0m] Started Session 1 of user vagrant.
[[0;32m  OK  [0m] Started User Manager for UID 1000.

Ubuntu 16.04.5 LTS profiler-server ttyS0

profiler-server login: [   31.929139] cloud-init[1258]: Traceback (most recent call last):
[   31.929734] cloud-init[1258]:   File "/usr/bin/cloud-init", line 9, in <module>
[   31.929876] cloud-init[1258]:     load_entry_point('cloud-init==18.3', 'console_scripts', 'cloud-init')()
[   31.930016] cloud-init[1258]:   File "/usr/lib/python3/dist-packages/cloudinit/cmd/main.py", line 882, in main
[   31.930148] cloud-init[1258]:     get_uptime=True, func=functor, args=(name, args))
[   31.930277] cloud-init[1258]:   File "/usr/lib/python3/dist-packages/cloudinit/util.py", line 2482, in log_time
[   31.930405] cloud-init[1258]:     ret = func(*args, **kwargs)
[   31.930531] cloud-init[1258]:   File "/usr/lib/python3/dist-packages/cloudinit/cmd/main.py", line 603, in status_wrapper
[   31.930658] cloud-init[1258]:     util.ensure_dirs((data_d, link_d,))
[   31.930784] cloud-init[1258]:   File "/usr/lib/python3/dist-packages/cloudinit/util.py", line 1540, in ensure_dirs
[   31.930920] cloud-init[1258]:     ensure_dir(d, mode)
[   31.931054] cloud-init[1258]:   File "/usr/lib/python3/dist-packages/cloudinit/util.py", line 1584, in ensure_dir
[   31.931194] cloud-init[1258]:     chmod(path, mode)
[   31.931343] cloud-init[1258]:   File "/usr/lib/python3/dist-packages/cloudinit/util.py", line 1807, in chmod
[   31.931479] cloud-init[1258]:     os.chmod(path, real_mode)
[   31.931617] cloud-init[1258]: OSError: [Errno 30] Read-only file system: '/var/lib/cloud/data'
[   31.931951] cloud-init[1258]: Error in sys.excepthook:
[   31.932107] cloud-init[1258]: Traceback (most recent call last):
[   31.932257] cloud-init[1258]:   File "/usr/lib/python3/dist-packages/apport_python_hook.py", line 145, in apport_excepthook
[   31.932394] cloud-init[1258]:     os.O_WRONLY | os.O_CREAT | os.O_EXCL, 0o640), 'wb') as f:
[   31.932631] cloud-init[1258]: OSError: [Errno 30] Read-only file system: '/var/crash/_usr_bin_cloud-init.0.crash'
[   31.932775] cloud-init[1258]: Original exception was:
[   31.932933] cloud-init[1258]: Traceback (most recent call last):
[   31.933070] cloud-init[1258]:   File "/usr/bin/cloud-init", line 9, in <module>
[   31.933272] cloud-init[1258]:     load_entry_point('cloud-init==18.3', 'console_scripts', 'cloud-init')()
[   31.933397] cloud-init[1258]:   File "/usr/lib/python3/dist-packages/cloudinit/cmd/main.py", line 882, in main
[   31.933521] cloud-init[1258]:     get_uptime=True, func=functor, args=(name, args))
[   31.933643] cloud-init[1258]:   File "/usr/lib/python3/dist-packages/cloudinit/util.py", line 2482, in log_time
[   31.933767] cloud-init[1258]:     ret = func(*args, **kwargs)
[   31.933901] cloud-init[1258]:   File "/usr/lib/python3/dist-packages/cloudinit/cmd/main.py", line 603, in status_wrapper
[   31.934112] cloud-init[1258]:     util.ensure_dirs((data_d, link_d,))
[   31.934268] cloud-init[1258]:   File "/usr/lib/python3/dist-packages/cloudinit/util.py", line 1540, in ensure_dirs
[   31.934404] cloud-init[1258]:     ensure_dir(d, mode)
[   31.934545] cloud-init[1258]:   File "/usr/lib/python3/dist-packages/cloudinit/util.py", line 1584, in ensure_dir
[   31.934682] cloud-init[1258]:     chmod(path, mode)
[   31.934832] cloud-init[1258]:   File "/usr/lib/python3/dist-packages/cloudinit/util.py", line 1807, in chmod
[   31.934968] cloud-init[1258]:     os.chmod(path, real_mode)
[   31.935103] cloud-init[1258]: OSError: [Errno 30] Read-only file system: '/var/lib/cloud/data'
[   32.278429] cloud-init[1280]: Traceback (most recent call last):
[   32.278617] cloud-init[1280]:   File "/usr/bin/cloud-init", line 9, in <module>
[   32.278723] cloud-init[1280]:     load_entry_point('cloud-init==18.3', 'console_scripts', 'cloud-init')()
[   32.278807] cloud-init[1280]:   File "/usr/lib/python3/dist-packages/cloudinit/cmd/main.py", line 882, in main
[   32.278889] cloud-init[1280]:     get_uptime=True, func=functor, args=(name, args))
[   32.278969] cloud-init[1280]:   File "/usr/lib/python3/dist-packages/cloudinit/util.py", line 2482, in log_time
[   32.279052] cloud-init[1280]:     ret = func(*args, **kwargs)
[   32.279133] cloud-init[1280]:   File "/usr/lib/python3/dist-packages/cloudinit/cmd/main.py", line 603, in status_wrapper
[   32.279213] cloud-init[1280]:     util.ensure_dirs((data_d, link_d,))
[   32.279293] cloud-init[1280]:   File "/usr/lib/python3/dist-packages/cloudinit/util.py", line 1540, in ensure_dirs
[   32.279384] cloud-init[1280]:     ensure_dir(d, mode)
[   32.279469] cloud-init[1280]:   File "/usr/lib/python3/dist-packages/cloudinit/util.py", line 1584, in ensure_dir
[   32.279550] cloud-init[1280]:     chmod(path, mode)
[   32.279632] cloud-init[1280]:   File "/usr/lib/python3/dist-packages/cloudinit/util.py", line 1807, in chmod
[   32.279724] cloud-init[1280]:     os.chmod(path, real_mode)
[   32.279805] cloud-init[1280]: OSError: [Errno 30] Read-only file system: '/var/lib/cloud/data'
[   32.279887] cloud-init[1280]: Error in sys.excepthook:
[   32.279966] cloud-init[1280]: Traceback (most recent call last):
[   32.280163] cloud-init[1280]:   File "/usr/lib/python3/dist-packages/apport_python_hook.py", line 145, in apport_excepthook
[   32.280304] cloud-init[1280]:     os.O_WRONLY | os.O_CREAT | os.O_EXCL, 0o640), 'wb') as f:
[   32.280396] cloud-init[1280]: OSError: [Errno 30] Read-only file system: '/var/crash/_usr_bin_cloud-init.0.crash'
[   32.280481] cloud-init[1280]: Original exception was:
[   32.280565] cloud-init[1280]: Traceback (most recent call last):
[   32.280648] cloud-init[1280]:   File "/usr/bin/cloud-init", line 9, in <module>
[   32.280731] cloud-init[1280]:     load_entry_point('cloud-init==18.3', 'console_scripts', 'cloud-init')()
[   32.280818] cloud-init[1280]:   File "/usr/lib/python3/dist-packages/cloudinit/cmd/main.py", line 882, in main
[   32.280902] cloud-init[1280]:     get_uptime=True, func=functor, args=(name, args))
[   32.280984] cloud-init[1280]:   File "/usr/lib/python3/dist-packages/cloudinit/util.py", line 2482, in log_time
[   32.281066] cloud-init[1280]:     ret = func(*args, **kwargs)
[   32.281158] cloud-init[1280]:   File "/usr/lib/python3/dist-packages/cloudinit/cmd/main.py", line 603, in status_wrapper
[   32.281238] cloud-init[1280]:     util.ensure_dirs((data_d, link_d,))
[   32.281321] cloud-init[1280]:   File "/usr/lib/python3/dist-packages/cloudinit/util.py", line 1540, in ensure_dirs
[   32.281402] cloud-init[1280]:     ensure_dir(d, mode)
[   32.281482] cloud-init[1280]:   File "/usr/lib/python3/dist-packages/cloudinit/util.py", line 1584, in ensure_dir
[   32.281562] cloud-init[1280]:     chmod(path, mode)
[   32.281655] cloud-init[1280]:   File "/usr/lib/python3/dist-packages/cloudinit/util.py", line 1807, in chmod
[   32.281737] cloud-init[1280]:     os.chmod(path, real_mode)
[   32.281817] cloud-init[1280]: OSError: [Errno 30] Read-only file system: '/var/lib/cloud/data'
